># Hello world!
#^ text.md markup.heading.atx.1.md punctuation.definition.heading.md
# ^ text.md markup.heading.atx.1.md
#  ^^^^^^^^^^^^ text.md markup.heading.atx.1.md entity.name.section.md
>