>asd
#^^^^ source.md meta.paragraph.md
>
>---
#^^^ source.md meta.separator.md
>
>* * *
#^^^^^ source.md meta.separator.md
>
> -----
#^^^^^^ source.md meta.separator.md
>
>____________
#^^^^^^^^^^^^ source.md meta.separator.md
>